I'm sorry, but errors were detected in your script. Please correct the
errors listed below, and try again.


File "game/script.rpy", line 1042: expected statement.
    'Попытка бегства':
                     ^

Ren'Py Version: Ren'Py 8.1.3.23091805
Thu May 23 01:25:40 2024
